
> build
> next build

Γû▓ Next.js 16.1.1 (Turbopack)
- Environments: .env.local

  Creating an optimized production build ...
node.exe : 
At line:1 char:1
+ & "C:\Program Files\nodejs/node.exe" 
"C:\Users\nq352\AppData\Roaming\ ...
+ ~~~~~~~~~~~~~~~~~~~~~~~~~~~~~~~~~~~~~~~~~~~
~~~~~~~~~~~~~~~~~~~~~~~~~~
    + CategoryInfo          : NotSpecified:  
   (:String) [], RemoteException
    + FullyQualifiedErrorId : NativeCommandE 
   rror
 
> Build error occurred
Error: Turbopack build failed with 1 errors:
./app/dashboard/inspection/rov/components/ROV
InspectionRecordingDialog.tsx:115:83
Parsing ecmascript source code failed
[0m [90m 113 |[39m     [90m// Track last 
initialization to prevent loops[39m
 [90m 114 |[39m     [36mconst[39m 
lastInitKeyRef [33m=[39m 
useRef[33m<[39m[33mstring[39m 
[33m|[39m [36mnull[39m[33m>[39m([36mnu
ll[39m)[33m;[39m
[31m[1m>[22m[39m[90m 115 |[39m     
[36mconst[39m 
[pendingAttachments[33m,[39m 
setPendingAttachments] [33m=[39m useState[
33m<[39m[33mPendingFile[39m[][33m>[39m([
][33m;[39m
 [90m     |[39m                            
                                             
          [31m[1m^[22m[39m
 [90m 116 |[39m
 [90m 117 |[39m     [90m// Fetch 
lists[39m
 [90m 118 |[39m     useEffect(() 
[33m=>[39m {[0m

Expected ',', got ';'

Import traces:
  Client Component Browser:
    ./app/dashboard/inspection/rov/components
/ROVInspectionRecordingDialog.tsx [Client 
Component Browser]
    ./app/dashboard/inspection/rov/page.tsx 
[Client Component Browser]
    ./app/dashboard/inspection/rov/page.tsx 
[Server Component]

  Client Component SSR:
    ./app/dashboard/inspection/rov/components
/ROVInspectionRecordingDialog.tsx [Client 
Component SSR]
    ./app/dashboard/inspection/rov/page.tsx 
[Client Component SSR]
    ./app/dashboard/inspection/rov/page.tsx 
[Server Component]


    at <unknown> (./app/dashboard/inspection/
rov/components/ROVInspectionRecordingDialog.t
sx:115:83)
