stores/attachment-store.ts(2,24): error TS2307: Cannot find module 'zustand' or its corresponding type declarations.
stores/attachment-store.ts(40,60): error TS7006: Parameter 'set' implicitly has an 'any' type.
stores/attachment-store.ts(47,22): error TS7006: Parameter 'query' implicitly has an 'any' type.
stores/attachment-store.ts(47,37): error TS7006: Parameter 'state' implicitly has an 'any' type.
stores/attachment-store.ts(48,25): error TS7006: Parameter 'type' implicitly has an 'any' type.
stores/attachment-store.ts(48,39): error TS7006: Parameter 'state' implicitly has an 'any' type.
stores/attachment-store.ts(49,29): error TS7006: Parameter 'enabled' implicitly has an 'any' type.
stores/attachment-store.ts(49,46): error TS7006: Parameter 'state' implicitly has an 'any' type.
stores/attachment-store.ts(60,23): error TS7006: Parameter 'id' implicitly has an 'any' type.
stores/attachment-store.ts(60,35): error TS7006: Parameter 'state' implicitly has an 'any' type.
stores/attachment-store.ts(69,26): error TS7006: Parameter 'ids' implicitly has an 'any' type.
stores/attachment-store.ts(69,39): error TS7006: Parameter 'state' implicitly has an 'any' type.
stores/attachment-store.ts(70,39): error TS7006: Parameter 'id' implicitly has an 'any' type.
stores/attachment-store.ts(74,25): error TS7006: Parameter 'id' implicitly has an 'any' type.
stores/attachment-store.ts(76,25): error TS7006: Parameter 'id' implicitly has an 'any' type.
stores/attachment-store.ts(85,21): error TS7006: Parameter 'attachment' implicitly has an 'any' type.
stores/attachment-store.ts(90,29): error TS7006: Parameter 'id' implicitly has an 'any' type.
stores/attachment-store.ts(94,31): error TS7006: Parameter 'ids' implicitly has an 'any' type.
stores/attachment-store.ts(101,39): error TS7006: Parameter 'id' implicitly has an 'any' type.
