components/jobpack/sow-dialog.tsx(3,8): error TS1259: Module '"C:/Users/nq352/Documents/GitHub/web-app-offshore/node_modules/@types/react/index"' can only be default-imported using the 'esModuleInterop' flag
components/jobpack/sow-dialog.tsx(4,99): error TS2307: Cannot find module '@/components/ui/dialog' or its corresponding type declarations.
components/jobpack/sow-dialog.tsx(5,24): error TS2307: Cannot find module '@/components/ui/button' or its corresponding type declarations.
components/jobpack/sow-dialog.tsx(6,23): error TS2307: Cannot find module '@/components/ui/input' or its corresponding type declarations.
components/jobpack/sow-dialog.tsx(7,23): error TS2307: Cannot find module '@/components/ui/badge' or its corresponding type declarations.
components/jobpack/sow-dialog.tsx(9,79): error TS2307: Cannot find module '@/components/ui/select' or its corresponding type declarations.
components/jobpack/sow-dialog.tsx(10,62): error TS2307: Cannot find module '@/types/sow' or its corresponding type declarations.
components/jobpack/sow-dialog.tsx(11,20): error TS2307: Cannot find module '@/lib/utils' or its corresponding type declarations.
components/jobpack/sow-dialog.tsx(527,24): error TS17004: Cannot use JSX unless the '--jsx' flag is provided.
components/jobpack/sow-dialog.tsx(529,24): error TS17004: Cannot use JSX unless the '--jsx' flag is provided.
components/jobpack/sow-dialog.tsx(531,24): error TS17004: Cannot use JSX unless the '--jsx' flag is provided.
components/jobpack/sow-dialog.tsx(887,9): error TS17004: Cannot use JSX unless the '--jsx' flag is provided.
components/jobpack/sow-dialog.tsx(888,13): error TS17004: Cannot use JSX unless the '--jsx' flag is provided.
components/jobpack/sow-dialog.tsx(889,17): error TS17004: Cannot use JSX unless the '--jsx' flag is provided.
components/jobpack/sow-dialog.tsx(890,21): error TS17004: Cannot use JSX unless the '--jsx' flag is provided.
components/jobpack/sow-dialog.tsx(891,25): error TS17004: Cannot use JSX unless the '--jsx' flag is provided.
components/jobpack/sow-dialog.tsx(892,29): error TS17004: Cannot use JSX unless the '--jsx' flag is provided.
components/jobpack/sow-dialog.tsx(893,33): error TS17004: Cannot use JSX unless the '--jsx' flag is provided.
components/jobpack/sow-dialog.tsx(896,33): error TS17004: Cannot use JSX unless the '--jsx' flag is provided.
components/jobpack/sow-dialog.tsx(898,41): error TS17004: Cannot use JSX unless the '--jsx' flag is provided.
components/jobpack/sow-dialog.tsx(899,45): error TS17004: Cannot use JSX unless the '--jsx' flag is provided.
components/jobpack/sow-dialog.tsx(900,45): error TS17004: Cannot use JSX unless the '--jsx' flag is provided.
components/jobpack/sow-dialog.tsx(910,49): error TS17004: Cannot use JSX unless the '--jsx' flag is provided.
components/jobpack/sow-dialog.tsx(911,53): error TS17004: Cannot use JSX unless the '--jsx' flag is provided.
components/jobpack/sow-dialog.tsx(912,57): error TS17004: Cannot use JSX unless the '--jsx' flag is provided.
components/jobpack/sow-dialog.tsx(913,61): error TS17004: Cannot use JSX unless the '--jsx' flag is provided.
components/jobpack/sow-dialog.tsx(915,57): error TS17004: Cannot use JSX unless the '--jsx' flag is provided.
components/jobpack/sow-dialog.tsx(918,49): error TS17004: Cannot use JSX unless the '--jsx' flag is provided.
components/jobpack/sow-dialog.tsx(920,57): error TS17004: Cannot use JSX unless the '--jsx' flag is provided.
components/jobpack/sow-dialog.tsx(921,71): error TS17004: Cannot use JSX unless the '--jsx' flag is provided.
components/jobpack/sow-dialog.tsx(928,41): error TS17004: Cannot use JSX unless the '--jsx' flag is provided.
components/jobpack/sow-dialog.tsx(929,45): error TS17004: Cannot use JSX unless the '--jsx' flag is provided.
components/jobpack/sow-dialog.tsx(930,49): error TS17004: Cannot use JSX unless the '--jsx' flag is provided.
components/jobpack/sow-dialog.tsx(937,29): error TS17004: Cannot use JSX unless the '--jsx' flag is provided.
components/jobpack/sow-dialog.tsx(939,37): error TS17004: Cannot use JSX unless the '--jsx' flag is provided.
components/jobpack/sow-dialog.tsx(947,41): error TS17004: Cannot use JSX unless the '--jsx' flag is provided.
components/jobpack/sow-dialog.tsx(950,33): error TS17004: Cannot use JSX unless the '--jsx' flag is provided.
components/jobpack/sow-dialog.tsx(951,37): error TS17004: Cannot use JSX unless the '--jsx' flag is provided.
components/jobpack/sow-dialog.tsx(952,37): error TS17004: Cannot use JSX unless the '--jsx' flag is provided.
components/jobpack/sow-dialog.tsx(959,25): error TS17004: Cannot use JSX unless the '--jsx' flag is provided.
components/jobpack/sow-dialog.tsx(960,29): error TS17004: Cannot use JSX unless the '--jsx' flag is provided.
components/jobpack/sow-dialog.tsx(961,33): error TS17004: Cannot use JSX unless the '--jsx' flag is provided.
components/jobpack/sow-dialog.tsx(962,37): error TS17004: Cannot use JSX unless the '--jsx' flag is provided.
components/jobpack/sow-dialog.tsx(963,37): error TS17004: Cannot use JSX unless the '--jsx' flag is provided.
components/jobpack/sow-dialog.tsx(965,33): error TS17004: Cannot use JSX unless the '--jsx' flag is provided.
components/jobpack/sow-dialog.tsx(969,25): error TS17004: Cannot use JSX unless the '--jsx' flag is provided.
components/jobpack/sow-dialog.tsx(973,29): error TS17004: Cannot use JSX unless the '--jsx' flag is provided.
components/jobpack/sow-dialog.tsx(975,33): error TS17004: Cannot use JSX unless the '--jsx' flag is provided.
components/jobpack/sow-dialog.tsx(976,37): error TS17004: Cannot use JSX unless the '--jsx' flag is provided.
components/jobpack/sow-dialog.tsx(977,41): error TS17004: Cannot use JSX unless the '--jsx' flag is provided.
components/jobpack/sow-dialog.tsx(978,45): error TS17004: Cannot use JSX unless the '--jsx' flag is provided.
components/jobpack/sow-dialog.tsx(982,45): error TS17004: Cannot use JSX unless the '--jsx' flag is provided.
components/jobpack/sow-dialog.tsx(989,37): error TS17004: Cannot use JSX unless the '--jsx' flag is provided.
components/jobpack/sow-dialog.tsx(991,45): error TS17004: Cannot use JSX unless the '--jsx' flag is provided.
components/jobpack/sow-dialog.tsx(994,49): error TS17004: Cannot use JSX unless the '--jsx' flag is provided.
components/jobpack/sow-dialog.tsx(1002,53): error TS17004: Cannot use JSX unless the '--jsx' flag is provided.
components/jobpack/sow-dialog.tsx(1003,79): error TS17004: Cannot use JSX unless the '--jsx' flag is provided.
components/jobpack/sow-dialog.tsx(1005,57): error TS17004: Cannot use JSX unless the '--jsx' flag is provided.
components/jobpack/sow-dialog.tsx(1016,37): error TS17004: Cannot use JSX unless the '--jsx' flag is provided.
components/jobpack/sow-dialog.tsx(1017,41): error TS17004: Cannot use JSX unless the '--jsx' flag is provided.
components/jobpack/sow-dialog.tsx(1018,45): error TS17004: Cannot use JSX unless the '--jsx' flag is provided.
components/jobpack/sow-dialog.tsx(1019,45): error TS17004: Cannot use JSX unless the '--jsx' flag is provided.
components/jobpack/sow-dialog.tsx(1028,41): error TS17004: Cannot use JSX unless the '--jsx' flag is provided.
components/jobpack/sow-dialog.tsx(1036,41): error TS17004: Cannot use JSX unless the '--jsx' flag is provided.
components/jobpack/sow-dialog.tsx(1042,45): error TS17004: Cannot use JSX unless the '--jsx' flag is provided.
components/jobpack/sow-dialog.tsx(1049,33): error TS17004: Cannot use JSX unless the '--jsx' flag is provided.
components/jobpack/sow-dialog.tsx(1056,41): error TS17004: Cannot use JSX unless the '--jsx' flag is provided.
components/jobpack/sow-dialog.tsx(1066,45): error TS17004: Cannot use JSX unless the '--jsx' flag is provided.
components/jobpack/sow-dialog.tsx(1067,45): error TS17004: Cannot use JSX unless the '--jsx' flag is provided.
components/jobpack/sow-dialog.tsx(1068,45): error TS17004: Cannot use JSX unless the '--jsx' flag is provided.
components/jobpack/sow-dialog.tsx(1078,33): error TS17004: Cannot use JSX unless the '--jsx' flag is provided.
components/jobpack/sow-dialog.tsx(1079,37): error TS17004: Cannot use JSX unless the '--jsx' flag is provided.
components/jobpack/sow-dialog.tsx(1080,41): error TS17004: Cannot use JSX unless the '--jsx' flag is provided.
components/jobpack/sow-dialog.tsx(1081,45): error TS17004: Cannot use JSX unless the '--jsx' flag is provided.
components/jobpack/sow-dialog.tsx(1082,49): error TS17004: Cannot use JSX unless the '--jsx' flag is provided.
components/jobpack/sow-dialog.tsx(1084,45): error TS17004: Cannot use JSX unless the '--jsx' flag is provided.
components/jobpack/sow-dialog.tsx(1087,37): error TS17004: Cannot use JSX unless the '--jsx' flag is provided.
components/jobpack/sow-dialog.tsx(1089,41): error TS17004: Cannot use JSX unless the '--jsx' flag is provided.
components/jobpack/sow-dialog.tsx(1090,45): error TS17004: Cannot use JSX unless the '--jsx' flag is provided.
components/jobpack/sow-dialog.tsx(1091,49): error TS17004: Cannot use JSX unless the '--jsx' flag is provided.
components/jobpack/sow-dialog.tsx(1092,53): error TS17004: Cannot use JSX unless the '--jsx' flag is provided.
components/jobpack/sow-dialog.tsx(1102,65): error TS17004: Cannot use JSX unless the '--jsx' flag is provided.
components/jobpack/sow-dialog.tsx(1107,49): error TS17004: Cannot use JSX unless the '--jsx' flag is provided.
components/jobpack/sow-dialog.tsx(1108,53): error TS17004: Cannot use JSX unless the '--jsx' flag is provided.
components/jobpack/sow-dialog.tsx(1109,53): error TS17004: Cannot use JSX unless the '--jsx' flag is provided.
components/jobpack/sow-dialog.tsx(1112,45): error TS17004: Cannot use JSX unless the '--jsx' flag is provided.
components/jobpack/sow-dialog.tsx(1116,41): error TS17004: Cannot use JSX unless the '--jsx' flag is provided.
components/jobpack/sow-dialog.tsx(1117,45): error TS17004: Cannot use JSX unless the '--jsx' flag is provided.
components/jobpack/sow-dialog.tsx(1123,57): error TS17004: Cannot use JSX unless the '--jsx' flag is provided.
components/jobpack/sow-dialog.tsx(1124,61): error TS17004: Cannot use JSX unless the '--jsx' flag is provided.
components/jobpack/sow-dialog.tsx(1125,65): error TS17004: Cannot use JSX unless the '--jsx' flag is provided.
components/jobpack/sow-dialog.tsx(1127,61): error TS17004: Cannot use JSX unless the '--jsx' flag is provided.
components/jobpack/sow-dialog.tsx(1130,76): error TS17004: Cannot use JSX unless the '--jsx' flag is provided.
components/jobpack/sow-dialog.tsx(1133,61): error TS17004: Cannot use JSX unless the '--jsx' flag is provided.
components/jobpack/sow-dialog.tsx(1140,53): error TS17004: Cannot use JSX unless the '--jsx' flag is provided.
components/jobpack/sow-dialog.tsx(1145,53): error TS17004: Cannot use JSX unless the '--jsx' flag is provided.
components/jobpack/sow-dialog.tsx(1153,29): error TS17004: Cannot use JSX unless the '--jsx' flag is provided.
components/jobpack/sow-dialog.tsx(1155,33): error TS17004: Cannot use JSX unless the '--jsx' flag is provided.
components/jobpack/sow-dialog.tsx(1156,37): error TS17004: Cannot use JSX unless the '--jsx' flag is provided.
components/jobpack/sow-dialog.tsx(1157,41): error TS17004: Cannot use JSX unless the '--jsx' flag is provided.
components/jobpack/sow-dialog.tsx(1158,45): error TS17004: Cannot use JSX unless the '--jsx' flag is provided.
components/jobpack/sow-dialog.tsx(1159,45): error TS17004: Cannot use JSX unless the '--jsx' flag is provided.
components/jobpack/sow-dialog.tsx(1161,41): error TS17004: Cannot use JSX unless the '--jsx' flag is provided.
components/jobpack/sow-dialog.tsx(1165,37): error TS17004: Cannot use JSX unless the '--jsx' flag is provided.
components/jobpack/sow-dialog.tsx(1166,41): error TS17004: Cannot use JSX unless the '--jsx' flag is provided.
components/jobpack/sow-dialog.tsx(1167,45): error TS17004: Cannot use JSX unless the '--jsx' flag is provided.
components/jobpack/sow-dialog.tsx(1168,45): error TS17004: Cannot use JSX unless the '--jsx' flag is provided.
components/jobpack/sow-dialog.tsx(1177,37): error TS17004: Cannot use JSX unless the '--jsx' flag is provided.
components/jobpack/sow-dialog.tsx(1179,41): error TS17004: Cannot use JSX unless the '--jsx' flag is provided.
components/jobpack/sow-dialog.tsx(1180,45): error TS17004: Cannot use JSX unless the '--jsx' flag is provided.
components/jobpack/sow-dialog.tsx(1181,45): error TS17004: Cannot use JSX unless the '--jsx' flag is provided.
components/jobpack/sow-dialog.tsx(1186,57): error TS17004: Cannot use JSX unless the '--jsx' flag is provided.
components/jobpack/sow-dialog.tsx(1196,68): error TS17004: Cannot use JSX unless the '--jsx' flag is provided.
components/jobpack/sow-dialog.tsx(1204,41): error TS17004: Cannot use JSX unless the '--jsx' flag is provided.
components/jobpack/sow-dialog.tsx(1205,45): error TS17004: Cannot use JSX unless the '--jsx' flag is provided.
components/jobpack/sow-dialog.tsx(1206,45): error TS17004: Cannot use JSX unless the '--jsx' flag is provided.
components/jobpack/sow-dialog.tsx(1208,53): error TS17004: Cannot use JSX unless the '--jsx' flag is provided.
components/jobpack/sow-dialog.tsx(1220,41): error TS17004: Cannot use JSX unless the '--jsx' flag is provided.
components/jobpack/sow-dialog.tsx(1221,45): error TS17004: Cannot use JSX unless the '--jsx' flag is provided.
components/jobpack/sow-dialog.tsx(1222,49): error TS17004: Cannot use JSX unless the '--jsx' flag is provided.
components/jobpack/sow-dialog.tsx(1223,49): error TS17004: Cannot use JSX unless the '--jsx' flag is provided.
components/jobpack/sow-dialog.tsx(1224,53): error TS17004: Cannot use JSX unless the '--jsx' flag is provided.
components/jobpack/sow-dialog.tsx(1225,57): error TS17004: Cannot use JSX unless the '--jsx' flag is provided.
components/jobpack/sow-dialog.tsx(1227,53): error TS17004: Cannot use JSX unless the '--jsx' flag is provided.
components/jobpack/sow-dialog.tsx(1228,57): error TS17004: Cannot use JSX unless the '--jsx' flag is provided.
components/jobpack/sow-dialog.tsx(1229,80): error TS17004: Cannot use JSX unless the '--jsx' flag is provided.
components/jobpack/sow-dialog.tsx(1233,45): error TS17004: Cannot use JSX unless the '--jsx' flag is provided.
components/jobpack/sow-dialog.tsx(1234,49): error TS17004: Cannot use JSX unless the '--jsx' flag is provided.
components/jobpack/sow-dialog.tsx(1235,49): error TS17004: Cannot use JSX unless the '--jsx' flag is provided.
components/jobpack/sow-dialog.tsx(1236,53): error TS17004: Cannot use JSX unless the '--jsx' flag is provided.
components/jobpack/sow-dialog.tsx(1237,57): error TS17004: Cannot use JSX unless the '--jsx' flag is provided.
components/jobpack/sow-dialog.tsx(1239,53): error TS17004: Cannot use JSX unless the '--jsx' flag is provided.
components/jobpack/sow-dialog.tsx(1240,57): error TS17004: Cannot use JSX unless the '--jsx' flag is provided.
components/jobpack/sow-dialog.tsx(1241,80): error TS17004: Cannot use JSX unless the '--jsx' flag is provided.
components/jobpack/sow-dialog.tsx(1245,45): error TS17004: Cannot use JSX unless the '--jsx' flag is provided.
components/jobpack/sow-dialog.tsx(1246,49): error TS17004: Cannot use JSX unless the '--jsx' flag is provided.
components/jobpack/sow-dialog.tsx(1247,49): error TS17004: Cannot use JSX unless the '--jsx' flag is provided.
components/jobpack/sow-dialog.tsx(1248,53): error TS17004: Cannot use JSX unless the '--jsx' flag is provided.
components/jobpack/sow-dialog.tsx(1249,57): error TS17004: Cannot use JSX unless the '--jsx' flag is provided.
components/jobpack/sow-dialog.tsx(1251,53): error TS17004: Cannot use JSX unless the '--jsx' flag is provided.
components/jobpack/sow-dialog.tsx(1252,57): error TS17004: Cannot use JSX unless the '--jsx' flag is provided.
components/jobpack/sow-dialog.tsx(1253,79): error TS17004: Cannot use JSX unless the '--jsx' flag is provided.
components/jobpack/sow-dialog.tsx(1257,45): error TS17004: Cannot use JSX unless the '--jsx' flag is provided.
components/jobpack/sow-dialog.tsx(1258,49): error TS17004: Cannot use JSX unless the '--jsx' flag is provided.
components/jobpack/sow-dialog.tsx(1259,49): error TS17004: Cannot use JSX unless the '--jsx' flag is provided.
components/jobpack/sow-dialog.tsx(1260,53): error TS17004: Cannot use JSX unless the '--jsx' flag is provided.
components/jobpack/sow-dialog.tsx(1261,57): error TS17004: Cannot use JSX unless the '--jsx' flag is provided.
components/jobpack/sow-dialog.tsx(1263,53): error TS17004: Cannot use JSX unless the '--jsx' flag is provided.
components/jobpack/sow-dialog.tsx(1264,57): error TS17004: Cannot use JSX unless the '--jsx' flag is provided.
components/jobpack/sow-dialog.tsx(1265,78): error TS17004: Cannot use JSX unless the '--jsx' flag is provided.
components/jobpack/sow-dialog.tsx(1272,41): error TS17004: Cannot use JSX unless the '--jsx' flag is provided.
components/jobpack/sow-dialog.tsx(1273,45): error TS17004: Cannot use JSX unless the '--jsx' flag is provided.
components/jobpack/sow-dialog.tsx(1274,45): error TS17004: Cannot use JSX unless the '--jsx' flag is provided.
components/jobpack/sow-dialog.tsx(1275,49): error TS17004: Cannot use JSX unless the '--jsx' flag is provided.
components/jobpack/sow-dialog.tsx(1276,49): error TS17004: Cannot use JSX unless the '--jsx' flag is provided.
components/jobpack/sow-dialog.tsx(1277,49): error TS17004: Cannot use JSX unless the '--jsx' flag is provided.
components/jobpack/sow-dialog.tsx(1282,37): error TS17004: Cannot use JSX unless the '--jsx' flag is provided.
components/jobpack/sow-dialog.tsx(1283,41): error TS17004: Cannot use JSX unless the '--jsx' flag is provided.
components/jobpack/sow-dialog.tsx(1305,33): error TS17004: Cannot use JSX unless the '--jsx' flag is provided.
components/jobpack/sow-dialog.tsx(1307,37): error TS17004: Cannot use JSX unless the '--jsx' flag is provided.
components/jobpack/sow-dialog.tsx(1308,41): error TS17004: Cannot use JSX unless the '--jsx' flag is provided.
components/jobpack/sow-dialog.tsx(1309,45): error TS17004: Cannot use JSX unless the '--jsx' flag is provided.
components/jobpack/sow-dialog.tsx(1310,49): error TS17004: Cannot use JSX unless the '--jsx' flag is provided.
components/jobpack/sow-dialog.tsx(1315,41): error TS17004: Cannot use JSX unless the '--jsx' flag is provided.
components/jobpack/sow-dialog.tsx(1316,45): error TS17004: Cannot use JSX unless the '--jsx' flag is provided.
components/jobpack/sow-dialog.tsx(1328,41): error TS17004: Cannot use JSX unless the '--jsx' flag is provided.
components/jobpack/sow-dialog.tsx(1329,45): error TS17004: Cannot use JSX unless the '--jsx' flag is provided.
components/jobpack/sow-dialog.tsx(1330,49): error TS17004: Cannot use JSX unless the '--jsx' flag is provided.
components/jobpack/sow-dialog.tsx(1331,49): error TS17004: Cannot use JSX unless the '--jsx' flag is provided.
components/jobpack/sow-dialog.tsx(1332,49): error TS17004: Cannot use JSX unless the '--jsx' flag is provided.
components/jobpack/sow-dialog.tsx(1336,41): error TS17004: Cannot use JSX unless the '--jsx' flag is provided.
components/jobpack/sow-dialog.tsx(1337,45): error TS17004: Cannot use JSX unless the '--jsx' flag is provided.
components/jobpack/sow-dialog.tsx(1338,49): error TS17004: Cannot use JSX unless the '--jsx' flag is provided.
components/jobpack/sow-dialog.tsx(1339,49): error TS17004: Cannot use JSX unless the '--jsx' flag is provided.
components/jobpack/sow-dialog.tsx(1340,49): error TS17004: Cannot use JSX unless the '--jsx' flag is provided.
components/jobpack/sow-dialog.tsx(1344,41): error TS17004: Cannot use JSX unless the '--jsx' flag is provided.
components/jobpack/sow-dialog.tsx(1345,45): error TS17004: Cannot use JSX unless the '--jsx' flag is provided.
components/jobpack/sow-dialog.tsx(1346,49): error TS17004: Cannot use JSX unless the '--jsx' flag is provided.
components/jobpack/sow-dialog.tsx(1347,53): error TS17004: Cannot use JSX unless the '--jsx' flag is provided.
components/jobpack/sow-dialog.tsx(1348,57): error TS17004: Cannot use JSX unless the '--jsx' flag is provided.
components/jobpack/sow-dialog.tsx(1349,61): error TS17004: Cannot use JSX unless the '--jsx' flag is provided.
components/jobpack/sow-dialog.tsx(1381,65): error TS17004: Cannot use JSX unless the '--jsx' flag is provided.
components/jobpack/sow-dialog.tsx(1382,69): error TS17004: Cannot use JSX unless the '--jsx' flag is provided.
components/jobpack/sow-dialog.tsx(1383,73): error TS17004: Cannot use JSX unless the '--jsx' flag is provided.
components/jobpack/sow-dialog.tsx(1384,77): error TS17004: Cannot use JSX unless the '--jsx' flag is provided.
components/jobpack/sow-dialog.tsx(1392,73): error TS17004: Cannot use JSX unless the '--jsx' flag is provided.
components/jobpack/sow-dialog.tsx(1396,69): error TS17004: Cannot use JSX unless the '--jsx' flag is provided.
components/jobpack/sow-dialog.tsx(1402,49): error TS17004: Cannot use JSX unless the '--jsx' flag is provided.
components/jobpack/sow-dialog.tsx(1439,61): error TS17004: Cannot use JSX unless the '--jsx' flag is provided.
components/jobpack/sow-dialog.tsx(1440,65): error TS17004: Cannot use JSX unless the '--jsx' flag is provided.
components/jobpack/sow-dialog.tsx(1441,69): error TS17004: Cannot use JSX unless the '--jsx' flag is provided.
components/jobpack/sow-dialog.tsx(1442,73): error TS17004: Cannot use JSX unless the '--jsx' flag is provided.
components/jobpack/sow-dialog.tsx(1443,77): error TS17004: Cannot use JSX unless the '--jsx' flag is provided.
components/jobpack/sow-dialog.tsx(1444,81): error TS17004: Cannot use JSX unless the '--jsx' flag is provided.
components/jobpack/sow-dialog.tsx(1452,77): error TS17004: Cannot use JSX unless the '--jsx' flag is provided.
components/jobpack/sow-dialog.tsx(1453,81): error TS17004: Cannot use JSX unless the '--jsx' flag is provided.
components/jobpack/sow-dialog.tsx(1454,85): error TS17004: Cannot use JSX unless the '--jsx' flag is provided.
components/jobpack/sow-dialog.tsx(1456,81): error TS17004: Cannot use JSX unless the '--jsx' flag is provided.
components/jobpack/sow-dialog.tsx(1458,81): error TS17004: Cannot use JSX unless the '--jsx' flag is provided.
components/jobpack/sow-dialog.tsx(1459,111): error TS17004: Cannot use JSX unless the '--jsx' flag is provided.
components/jobpack/sow-dialog.tsx(1460,104): error TS17004: Cannot use JSX unless the '--jsx' flag is provided.
components/jobpack/sow-dialog.tsx(1463,81): error TS17004: Cannot use JSX unless the '--jsx' flag is provided.
components/jobpack/sow-dialog.tsx(1464,85): error TS17004: Cannot use JSX unless the '--jsx' flag is provided.
components/jobpack/sow-dialog.tsx(1467,89): error TS17004: Cannot use JSX unless the '--jsx' flag is provided.
components/jobpack/sow-dialog.tsx(1468,93): error TS17004: Cannot use JSX unless the '--jsx' flag is provided.
components/jobpack/sow-dialog.tsx(1481,93): error TS17004: Cannot use JSX unless the '--jsx' flag is provided.
components/jobpack/sow-dialog.tsx(1490,85): error TS17004: Cannot use JSX unless the '--jsx' flag is provided.
components/jobpack/sow-dialog.tsx(1492,89): error TS17004: Cannot use JSX unless the '--jsx' flag is provided.
components/jobpack/sow-dialog.tsx(1493,93): error TS17004: Cannot use JSX unless the '--jsx' flag is provided.
components/jobpack/sow-dialog.tsx(1494,97): error TS17004: Cannot use JSX unless the '--jsx' flag is provided.
components/jobpack/sow-dialog.tsx(1511,111): error TS17004: Cannot use JSX unless the '--jsx' flag is provided.
components/jobpack/sow-dialog.tsx(1520,93): error TS17004: Cannot use JSX unless the '--jsx' flag is provided.
components/jobpack/sow-dialog.tsx(1521,97): error TS17004: Cannot use JSX unless the '--jsx' flag is provided.
components/jobpack/sow-dialog.tsx(1550,97): error TS17004: Cannot use JSX unless the '--jsx' flag is provided.
components/jobpack/sow-dialog.tsx(1569,101): error TS17004: Cannot use JSX unless the '--jsx' flag is provided.
components/jobpack/sow-dialog.tsx(1575,89): error TS17004: Cannot use JSX unless the '--jsx' flag is provided.
components/jobpack/sow-dialog.tsx(1577,97): error TS17004: Cannot use JSX unless the '--jsx' flag is provided.
components/jobpack/sow-dialog.tsx(1582,115): error TS17004: Cannot use JSX unless the '--jsx' flag is provided.
components/jobpack/sow-dialog.tsx(1595,73): error TS17004: Cannot use JSX unless the '--jsx' flag is provided.
components/jobpack/sow-dialog.tsx(1596,77): error TS17004: Cannot use JSX unless the '--jsx' flag is provided.
components/jobpack/sow-dialog.tsx(1597,81): error TS17004: Cannot use JSX unless the '--jsx' flag is provided.
components/jobpack/sow-dialog.tsx(1605,85): error TS17004: Cannot use JSX unless the '--jsx' flag is provided.
components/jobpack/sow-dialog.tsx(1618,73): error TS17004: Cannot use JSX unless the '--jsx' flag is provided.
components/jobpack/sow-dialog.tsx(1619,77): error TS17004: Cannot use JSX unless the '--jsx' flag is provided.
components/jobpack/sow-dialog.tsx(1627,85): error TS17004: Cannot use JSX unless the '--jsx' flag is provided.
components/jobpack/sow-dialog.tsx(1628,89): error TS17004: Cannot use JSX unless the '--jsx' flag is provided.
components/jobpack/sow-dialog.tsx(1629,93): error TS17004: Cannot use JSX unless the '--jsx' flag is provided.
components/jobpack/sow-dialog.tsx(1637,97): error TS17004: Cannot use JSX unless the '--jsx' flag is provided.
components/jobpack/sow-dialog.tsx(1661,29): error TS17004: Cannot use JSX unless the '--jsx' flag is provided.
components/jobpack/sow-dialog.tsx(1662,33): error TS17004: Cannot use JSX unless the '--jsx' flag is provided.
components/jobpack/sow-dialog.tsx(1669,33): error TS17004: Cannot use JSX unless the '--jsx' flag is provided.
components/jobpack/sow-dialog.tsx(1675,41): error TS17004: Cannot use JSX unless the '--jsx' flag is provided.
components/jobpack/sow-dialog.tsx(1676,45): error TS17004: Cannot use JSX unless the '--jsx' flag is provided.
components/jobpack/sow-dialog.tsx(1680,41): error TS17004: Cannot use JSX unless the '--jsx' flag is provided.
components/jobpack/sow-dialog.tsx(1681,45): error TS17004: Cannot use JSX unless the '--jsx' flag is provided.
components/jobpack/sow-dialog.tsx(1685,41): error TS17004: Cannot use JSX unless the '--jsx' flag is provided.
components/jobpack/sow-dialog.tsx(1696,13): error TS17004: Cannot use JSX unless the '--jsx' flag is provided.
components/jobpack/sow-dialog.tsx(1697,17): error TS17004: Cannot use JSX unless the '--jsx' flag is provided.
components/jobpack/sow-dialog.tsx(1698,21): error TS17004: Cannot use JSX unless the '--jsx' flag is provided.
components/jobpack/sow-dialog.tsx(1699,25): error TS17004: Cannot use JSX unless the '--jsx' flag is provided.
components/jobpack/sow-dialog.tsx(1700,25): error TS17004: Cannot use JSX unless the '--jsx' flag is provided.
components/jobpack/sow-dialog.tsx(1704,21): error TS17004: Cannot use JSX unless the '--jsx' flag is provided.
components/jobpack/sow-dialog.tsx(1705,25): error TS17004: Cannot use JSX unless the '--jsx' flag is provided.
components/jobpack/sow-dialog.tsx(1714,29): error TS17004: Cannot use JSX unless the '--jsx' flag is provided.
components/jobpack/sow-dialog.tsx(1715,33): error TS17004: Cannot use JSX unless the '--jsx' flag is provided.
components/jobpack/sow-dialog.tsx(1716,33): error TS17004: Cannot use JSX unless the '--jsx' flag is provided.
components/jobpack/sow-dialog.tsx(1718,41): error TS17004: Cannot use JSX unless the '--jsx' flag is provided.
components/jobpack/sow-dialog.tsx(1719,45): error TS17004: Cannot use JSX unless the '--jsx' flag is provided.
components/jobpack/sow-dialog.tsx(1720,45): error TS17004: Cannot use JSX unless the '--jsx' flag is provided.
components/jobpack/sow-dialog.tsx(1728,45): error TS17004: Cannot use JSX unless the '--jsx' flag is provided.
node_modules/lucide-react/dist/lucide-react.d.ts(2,10): error TS2305: Module '"react"' has no exported member 'ReactSVG'.
